Input #0, mov,mp4,m4a,3gp,3g2,mj2, from 'renders/sail-final-reel.mp4':
  Metadata:
    major_brand     : isom
    minor_version   : 512
    compatible_brands: isomiso2avc1mp41
    encoder         : Lavf61.7.103
  Duration: 00:01:09.30, start: 0.000000, bitrate: 1342 kb/s
  Stream #0:0[0x1](und): Video: h264 (High) (avc1 / 0x31637661), yuv420p(tv, bt709, progressive), 1080x1920 [SAR 1:1 DAR 9:16], 1140 kb/s, 60 fps, 60 tbr, 15360 tbn (default)
      Metadata:
        handler_name    : VideoHandler
        vendor_id       : [0][0][0][0]
        encoder         : Lavc61.19.101 libx264
  Stream #0:1[0x2](und): Audio: aac (LC) (mp4a / 0x6134706D), 96000 Hz, stereo, fltp, 187 kb/s (default)
      Metadata:
        handler_name    : SoundHandler
        vendor_id       : [0][0][0][0]
Stream mapping:
  Stream #0:0 -> #0:0 (h264 (native) -> wrapped_avframe (native))
  Stream #0:1 -> #0:1 (aac (native) -> pcm_s16le (native))
Press [q] to stop, [?] for help
Output #0, null, to 'pipe:':
  Metadata:
    major_brand     : isom
    minor_version   : 512
    compatible_brands: isomiso2avc1mp41
    encoder         : Lavf61.7.103
  Stream #0:0(und): Video: wrapped_avframe, yuv420p(tv, bt709, progressive), 1080x1920 [SAR 1:1 DAR 9:16], q=2-31, 200 kb/s, 60 fps, 60 tbn (default)
      Metadata:
        handler_name    : VideoHandler
        vendor_id       : [0][0][0][0]
        encoder         : Lavc61.19.101 wrapped_avframe
  Stream #0:1(und): Audio: pcm_s16le, 192000 Hz, stereo, s16, 6144 kb/s (default)
      Metadata:
        handler_name    : SoundHandler
        vendor_id       : [0][0][0][0]
        encoder         : Lavc61.19.101 pcm_s16le
frame=  262 fps=0.0 q=-0.0 size=N/A time=00:00:01.50 bitrate=N/A speed=   3x    frame=  705 fps=705 q=-0.0 size=N/A time=00:00:08.90 bitrate=N/A speed= 8.9x    frame= 1269 fps=846 q=-0.0 size=N/A time=00:00:18.30 bitrate=N/A speed=12.2x    frame= 1782 fps=890 q=-0.0 size=N/A time=00:00:26.90 bitrate=N/A speed=13.4x    frame= 2334 fps=933 q=-0.0 size=N/A time=00:00:36.00 bitrate=N/A speed=14.4x    frame= 2936 fps=978 q=-0.0 size=N/A time=00:00:46.20 bitrate=N/A speed=15.4x    frame= 3526 fps=1007 q=-0.0 size=N/A time=00:00:56.00 bitrate=N/A speed=  16x    frame= 4020 fps=1004 q=-0.0 size=N/A time=00:01:04.20 bitrate=N/A speed=  16x    [Parsed_loudnorm_0 @ 0x7f8bcc002740] 
{
	"input_i" : "-16.14",
	"input_tp" : "-1.34",
	"input_lra" : "2.50",
	"input_thresh" : "-27.01",
	"output_i" : "-16.07",
	"output_tp" : "-1.50",
	"output_lra" : "2.00",
	"output_thresh" : "-26.89",
	"normalization_type" : "dynamic",
	"target_offset" : "0.07"
}
[out#0/null @ 0x55d3878c4b80] video:1786KiB audio:51968KiB subtitle:0KiB other streams:0KiB global headers:0KiB muxing overhead: unknown
frame= 4157 fps=993 q=-0.0 Lsize=N/A time=00:01:09.28 bitrate=N/A speed=16.6x    
