[
  {
    "parent": "screen",
    "ancestors": [
      "screen",
      "phone",
      "scene-content"
    ],
    "html": "<div class=\"composer\"><span>＋</span><span>Message assistant</span><b><svg data-layout-ignore=\"\" width=\"40\" height=\"40\" viewBox=\"0 0 48 48\" fill=\"none\" stroke=\"currentColor\" stroke-width=\"3\" stroke-linecap=\"round\" stroke-linejoin=\"round\"><path d=\"M8 24H39M28 13L39 24L28 35\"></path></svg></b></div>"
  },
  {
    "parent": "screen",
    "ancestors": [
      "screen",
      "phone",
      "seat-stage"
    ],
    "html": "<div class=\"composer\"><span>＋ Message assistant</span><b>➜</b></div>"
  }
]
{"t":13.9,"oldcomposer":{"x":238.40000915527344,"y":1398.599853515625,"w":603.199951171875,"h":72.800048828125},"oldscreen":{"x":204.0800018310547,"y":152.6800079345703,"w":671.8399047851562,"h":1368.6400146484375},"service":{"x":238.40000915527344,"y":584.280029296875,"w":603.199951171875,"h":785.199951171875},"seatcomposer":{"x":0,"y":0,"w":0,"h":0},"seatscreen":{"x":0,"y":0,"w":0,"h":0}}
{"t":19,"oldcomposer":{"x":238.40000915527344,"y":1398.599853515625,"w":603.199951171875,"h":72.800048828125},"oldscreen":{"x":204.0800018310547,"y":152.6800079345703,"w":671.8399047851562,"h":1368.6400146484375},"service":{"x":238.40000915527344,"y":584.280029296875,"w":603.199951171875,"h":785.199951171875},"seatcomposer":{"x":0,"y":0,"w":0,"h":0},"seatscreen":{"x":0,"y":0,"w":0,"h":0}}
{"t":24,"oldcomposer":{"x":258.6999816894531,"y":1338.800048828125,"w":562.5999755859375,"h":67.9000244140625},"oldscreen":{"x":226.6899871826172,"y":176.73997497558594,"w":626.6199951171875,"h":1276.52001953125},"service":{"x":258.6999816894531,"y":579.2899780273438,"w":562.5999755859375,"h":620.7999877929688},"seatcomposer":{"x":0,"y":0,"w":0,"h":0},"seatscreen":{"x":0,"y":0,"w":0,"h":0}}
{"t":27.7,"oldcomposer":{"x":258.6999816894531,"y":1338.800048828125,"w":562.5999755859375,"h":67.9000244140625},"oldscreen":{"x":226.6899871826172,"y":176.73997497558594,"w":626.6199951171875,"h":1276.52001953125},"service":{"x":258.6999816894531,"y":579.2899780273438,"w":562.5999755859375,"h":475.30010986328125},"seatcomposer":{"x":0,"y":0,"w":0,"h":0},"seatscreen":{"x":0,"y":0,"w":0,"h":0}}
{"t":39.5,"oldcomposer":{"x":0,"y":0,"w":0,"h":0},"oldscreen":{"x":0,"y":0,"w":0,"h":0},"service":{"x":0,"y":0,"w":0,"h":0},"seatcomposer":{"x":384,"y":766,"w":312,"h":46},"seatscreen":{"x":364,"y":114,"w":352,"h":727}}
{"t":54,"oldcomposer":{"x":0,"y":0,"w":0,"h":0},"oldscreen":{"x":0,"y":0,"w":0,"h":0},"service":{"x":0,"y":0,"w":0,"h":0},"seatcomposer":{"x":384,"y":766,"w":312,"h":46},"seatscreen":{"x":364,"y":114,"w":352,"h":727}}
{"t":68.5,"oldcomposer":{"x":0,"y":0,"w":0,"h":0},"oldscreen":{"x":0,"y":0,"w":0,"h":0},"service":{"x":0,"y":0,"w":0,"h":0},"seatcomposer":{"x":349.67999267578125,"y":1275.469970703125,"w":380.6400146484375,"h":56.1201171875},"seatscreen":{"x":325.2799987792969,"y":480.0299987792969,"w":429.4399719238281,"h":886.93994140625}}
